Archive member included because of file (symbol)

build/sky/contiki-ng-sky.a(uart1-putchar.o)
                              buffer.o (putchar)
build/sky/contiki-ng-sky.a(platform.o)
                              build/sky/obj/contiki-main.o (platform_init_stage_one)
build/sky/contiki-ng-sky.a(msp430.o)
                              build/sky/contiki-ng-sky.a(platform.o) (msp430_dco_required)
build/sky/contiki-ng-sky.a(clock.o)
                              build/sky/obj/contiki-main.o (clock_init)
build/sky/contiki-ng-sky.a(leds.o)
                              build/sky/contiki-ng-sky.a(platform.o) (leds_init)
build/sky/contiki-ng-sky.a(leds-arch.o)
                              build/sky/contiki-ng-sky.a(leds.o) (leds_arch_init)
build/sky/contiki-ng-sky.a(watchdog.o)
                              build/sky/obj/contiki-main.o (watchdog_start)
build/sky/contiki-ng-sky.a(autostart.o)
                              build/sky/obj/contiki-main.o (autostart_start)
build/sky/contiki-ng-sky.a(energest.o)
                              build/sky/obj/contiki-main.o (energest_init)
build/sky/contiki-ng-sky.a(etimer.o)
                              build/sky/contiki-ng-sky.a(clock.o) (etimer_request_poll)
build/sky/contiki-ng-sky.a(log.o)
                              buffer.o (log_lladdr)
build/sky/contiki-ng-sky.a(ctimer.o)
                              build/sky/obj/contiki-main.o (ctimer_init)
build/sky/contiki-ng-sky.a(rtimer.o)
                              build/sky/obj/contiki-main.o (rtimer_init)
build/sky/contiki-ng-sky.a(node-id.o)
                              build/sky/obj/contiki-main.o (node_id_init)
build/sky/contiki-ng-sky.a(process.o)
                              build/sky/contiki-ng-sky.a(etimer.o) (process_current)
build/sky/contiki-ng-sky.a(timer.o)
                              build/sky/contiki-ng-sky.a(platform.o) (timer_set)
build/sky/contiki-ng-sky.a(list.o)
                              build/sky/contiki-ng-sky.a(ctimer.o) (list_init)
build/sky/contiki-ng-sky.a(random.o)
                              build/sky/contiki-ng-sky.a(platform.o) (random_init)
build/sky/contiki-ng-sky.a(serial-line.o)
                              build/sky/contiki-ng-sky.a(platform.o) (serial_line_input_byte)
build/sky/contiki-ng-sky.a(queuebuf.o)
                              build/sky/obj/contiki-main.o (queuebuf_init)
build/sky/contiki-ng-sky.a(packetbuf.o)
                              build/sky/contiki-ng-sky.a(queuebuf.o) (packetbuf_copyto)
build/sky/contiki-ng-sky.a(netstack.o)
                              build/sky/obj/contiki-main.o (netstack_init)
build/sky/contiki-ng-sky.a(linkaddr.o)
                              build/sky/contiki-ng-sky.a(platform.o) (linkaddr_copy)
build/sky/contiki-ng-sky.a(csma.o)
                              build/sky/obj/contiki-main.o (csma_driver)
build/sky/contiki-ng-sky.a(csma-output.o)
                              build/sky/contiki-ng-sky.a(csma.o) (csma_output_packet)
build/sky/contiki-ng-sky.a(nullnet.o)
                              buffer.o (nullnet_len)
build/sky/contiki-ng-sky.a(nullrouting.o)
                              build/sky/obj/contiki-main.o (nullrouting_driver)
build/sky/contiki-ng-sky.a(contiki-sky-pla)
                              build/sky/contiki-ng-sky.a(platform.o) (init_platform)
build/sky/contiki-ng-sky.a(button-sensor.o)
                              build/sky/contiki-ng-sky.a(contiki-sky-pla) (button_sensor)
build/sky/contiki-ng-sky.a(ds2411.o)
                              build/sky/contiki-ng-sky.a(platform.o) (ds2411_init)
build/sky/contiki-ng-sky.a(xmem.o)
                              build/sky/contiki-ng-sky.a(platform.o) (xmem_init)
build/sky/contiki-ng-sky.a(sensors.o)
                              build/sky/contiki-ng-sky.a(button-sensor.o) (sensors_changed)
build/sky/contiki-ng-sky.a(cc2420.o)
                              build/sky/contiki-ng-sky.a(platform.o) (cc2420_set_pan_addr)
build/sky/contiki-ng-sky.a(cc2420-arch.o)
                              build/sky/contiki-ng-sky.a(cc2420.o) (cc2420_arch_init)
build/sky/contiki-ng-sky.a(uart1.o)
                              build/sky/contiki-ng-sky.a(platform.o) (uart1_active)
build/sky/contiki-ng-sky.a(rtimer-arch.o)
                              build/sky/contiki-ng-sky.a(rtimer.o) (rtimer_arch_init)
build/sky/contiki-ng-sky.a(memb.o)
                              build/sky/contiki-ng-sky.a(queuebuf.o) (memb_init)
build/sky/contiki-ng-sky.a(ringbuf.o)
                              build/sky/contiki-ng-sky.a(serial-line.o) (ringbuf_init)
build/sky/contiki-ng-sky.a(mac-sequence.o)
                              build/sky/contiki-ng-sky.a(csma.o) (mac_sequence_is_duplicate)
build/sky/contiki-ng-sky.a(mac.o)
                              build/sky/contiki-ng-sky.a(csma-output.o) (mac_call_sent_callback)
build/sky/contiki-ng-sky.a(framer-802154.o)
                              build/sky/contiki-ng-sky.a(csma.o) (framer_802154)
build/sky/contiki-ng-sky.a(frame802154.o)
[...]
Memory Configuration

Name             Origin             Length             Attributes
sfr              0x00000000         0x00000010
peripheral_8bit  0x00000010         0x000000f0
peripheral_16bit 0x00000100         0x00000100
ram_mirror       0x00000200         0x00000800         xw
infomem          0x00001000         0x00000100
infob            0x00001000         0x00000080
infoa            0x00001080         0x00000080
ram              0x00001100         0x00002800         xw
rom              0x00004000         0x0000bfe0         xr
vectors          0x0000ffe0         0x00000020
bsl              0x00000000         0x00000000
infoc            0x00000000         0x00000000
infod            0x00000000         0x00000000
ram2             0x00000000         0x00000000         xw
usbram           0x00000000         0x00000000         xw
far_rom          0x00000000         0x00000000
*default*        0x00000000         0xffffffff

Linker script and memory map

LOAD /usr/local/bin/../lib/gcc/msp430/4.7.2/mmpy-16/crt0ivtbl16.o
                0x00001c98                _stack = _end
LOAD buffer.o
LOAD build/sky/obj/contiki-main.o
LOAD build/sky/contiki-ng-sky.a
LOAD /usr/local/bin/../lib/gcc/msp430/4.7.2/mmpy-16/libgcc.a
LOAD /usr/local/bin/../lib/gcc/msp430/4.7.2/../../../../msp430/lib/mmpy-16/libc.a
LOAD /usr/local/bin/../lib/gcc/msp430/4.7.2/mmpy-16/libgcc.a
LOAD /usr/local/bin/../lib/gcc/msp430/4.7.2/mmpy-16/libcrt0.a
                0x00000080                PROVIDE (__info_segment_size, 0x80)
                0x00001000                PROVIDE (__infob, 0x1000)
                0x00001080                PROVIDE (__infoa, 0x1080)
                0x00000000                __IE1 = 0x0
                0x00000002                __IFG1 = 0x2
                0x00000004                __ME1 = 0x4
                0x00000001                __IE2 = 0x1
                0x00000003                __IFG2 = 0x3
                0x00000005                __ME2 = 0x5
                0x00000120                __WDTCTL = 0x120
                0x00000130                __MPY = 0x130
                0x00000132                __MPYS = 0x132
                0x00000134                __MAC = 0x134
                0x00000136                __MACS = 0x136
                0x00000138                __OP2 = 0x138
                0x0000013a                __RESLO = 0x13a
                0x0000013c                __RESHI = 0x13c
                0x0000013e                __SUMEXT = 0x13e
                0x00000020                __P1IN = 0x20
                0x00000021                __P1OUT = 0x21
                0x00000022                __P1DIR = 0x22
                0x00000023                __P1IFG = 0x23
                0x00000024                __P1IES = 0x24
                0x00000025                __P1IE = 0x25
                0x00000026                __P1SEL = 0x26
                0x00000028                __P2IN = 0x28
                0x00000029                __P2OUT = 0x29
                0x0000002a                __P2DIR = 0x2a
                0x0000002b                __P2IFG = 0x2b
                0x0000002c                __P2IES = 0x2c
                0x0000002d                __P2IE = 0x2d
                0x0000002e                __P2SEL = 0x2e
                0x00000018                __P3IN = 0x18
                0x00000019                __P3OUT = 0x19
                0x0000001a                __P3DIR = 0x1a
                0x0000001b                __P3SEL = 0x1b
                0x0000001c                __P4IN = 0x1c
                0x0000001d                __P4OUT = 0x1d
                0x0000001e                __P4DIR = 0x1e
                0x0000001f                __P4SEL = 0x1f
                0x00000030                __P5IN = 0x30
                0x00000031                __P5OUT = 0x31
                0x00000032                __P5DIR = 0x32
                0x00000033                __P5SEL = 0x33
                0x00000034                __P6IN = 0x34
                0x00000035                __P6OUT = 0x35
                0x00000036                __P6DIR = 0x36
                0x00000037                __P6SEL = 0x37
                0x00000070                __U0CTL = 0x70
                0x00000071                __U0TCTL = 0x71
                0x00000072                __U0RCTL = 0x72
                0x00000073                __U0MCTL = 0x73
                0x00000074                __U0BR0 = 0x74
                0x00000075                __U0BR1 = 0x75
                0x00000076                __U0RXBUF = 0x76
                0x00000077                __U0TXBUF = 0x77
                0x00000078                __U1CTL = 0x78
                0x00000079                __U1TCTL = 0x79
                0x0000007a                __U1RCTL = 0x7a
                0x0000007b                __U1MCTL = 0x7b
                0x0000007c                __U1BR0 = 0x7c
                0x0000007d                __U1BR1 = 0x7d
                0x0000007e                __U1RXBUF = 0x7e
                0x0000007f                __U1TXBUF = 0x7f
                0x00000050                __I2CIE = 0x50
                0x00000051                __I2CIFG = 0x51
                0x00000052                __I2CNDAT = 0x52
                0x00000071                __I2CTCTL = 0x71
                0x00000072                __I2CDCTL = 0x72
                0x00000073                __I2CPSC = 0x73
                0x00000074                __I2CSCLH = 0x74
                0x00000075                __I2CSCLL = 0x75
                0x00000076                __I2CDRB = 0x76
                0x00000076                __I2CDRW = 0x76
                0x00000118                __I2COA = 0x118
                0x0000011a                __I2CSA = 0x11a
                0x0000011c                __I2CIV = 0x11c
                0x0000012e                __TAIV = 0x12e
                0x00000160                __TACTL = 0x160
                0x00000162                __TACCTL0 = 0x162
                0x00000164                __TACCTL1 = 0x164
                0x00000166                __TACCTL2 = 0x166
                0x00000170                __TAR = 0x170
                0x00000172                __TACCR0 = 0x172
                0x00000174                __TACCR1 = 0x174
                0x00000176                __TACCR2 = 0x176
                0x0000011e                __TBIV = 0x11e
                0x00000180                __TBCTL = 0x180
                0x00000182                __TBCCTL0 = 0x182
                0x00000184                __TBCCTL1 = 0x184
                0x00000186                __TBCCTL2 = 0x186
                0x00000188                __TBCCTL3 = 0x188
                0x0000018a                __TBCCTL4 = 0x18a
                0x0000018c                __TBCCTL5 = 0x18c
                0x0000018e                __TBCCTL6 = 0x18e
                0x00000190                __TBR = 0x190
                0x00000192                __TBCCR0 = 0x192
                0x00000194                __TBCCR1 = 0x194
                0x00000196                __TBCCR2 = 0x196
                0x00000198                __TBCCR3 = 0x198
                0x0000019a                __TBCCR4 = 0x19a
                0x0000019c                __TBCCR5 = 0x19c
                0x0000019e                __TBCCR6 = 0x19e
                0x00000056                __DCOCTL = 0x56
                0x00000057                __BCSCTL1 = 0x57
                0x00000058                __BCSCTL2 = 0x58
                0x00000055                __SVSCTL = 0x55
                0x00000128                __FCTL1 = 0x128
                0x0000012a                __FCTL2 = 0x12a
                0x0000012c                __FCTL3 = 0x12c
                0x00000059                __CACTL1 = 0x59
                0x0000005a                __CACTL2 = 0x5a
                0x0000005b                __CAPD = 0x5b
                0x000001a0                __ADC12CTL0 = 0x1a0
                0x000001a2                __ADC12CTL1 = 0x1a2
                0x000001a4                __ADC12IFG = 0x1a4
                0x000001a6                __ADC12IE = 0x1a6
                0x000001a8                __ADC12IV = 0x1a8
                0x00000140                __ADC12MEM0 = 0x140
                0x00000142                __ADC12MEM1 = 0x142
                0x00000144                __ADC12MEM2 = 0x144
                0x00000146                __ADC12MEM3 = 0x146
                0x00000148                __ADC12MEM4 = 0x148
                0x0000014a                __ADC12MEM5 = 0x14a
                0x0000014c                __ADC12MEM6 = 0x14c
                0x0000014e                __ADC12MEM7 = 0x14e
                0x00000150                __ADC12MEM8 = 0x150
                0x00000152                __ADC12MEM9 = 0x152
                0x00000154                __ADC12MEM10 = 0x154
                0x00000156                __ADC12MEM11 = 0x156
                0x00000158                __ADC12MEM12 = 0x158
                0x0000015a                __ADC12MEM13 = 0x15a
                0x0000015c                __ADC12MEM14 = 0x15c
                0x0000015e                __ADC12MEM15 = 0x15e
                0x00000080                __ADC12MCTL0 = 0x80
                0x00000081                __ADC12MCTL1 = 0x81
                0x00000082                __ADC12MCTL2 = 0x82
                0x00000083                __ADC12MCTL3 = 0x83
                0x00000084                __ADC12MCTL4 = 0x84
                0x00000085                __ADC12MCTL5 = 0x85
                0x00000086                __ADC12MCTL6 = 0x86
                0x00000087                __ADC12MCTL7 = 0x87
                0x00000088                __ADC12MCTL8 = 0x88
                0x00000089                __ADC12MCTL9 = 0x89
                0x0000008a                __ADC12MCTL10 = 0x8a
                0x0000008b                __ADC12MCTL11 = 0x8b
                0x0000008c                __ADC12MCTL12 = 0x8c
                0x0000008d                __ADC12MCTL13 = 0x8d
                0x0000008e                __ADC12MCTL14 = 0x8e
                0x0000008f                __ADC12MCTL15 = 0x8f
                0x000001c0                __DAC12_0CTL = 0x1c0
                0x000001c2                __DAC12_1CTL = 0x1c2
                0x000001c8                __DAC12_0DAT = 0x1c8
                0x000001ca                __DAC12_1DAT = 0x1ca
                0x00000122                __DMACTL0 = 0x122
                0x00000124                __DMACTL1 = 0x124
                0x000001e0                __DMA0CTL = 0x1e0
                0x000001e8                __DMA1CTL = 0x1e8
                0x000001f0                __DMA2CTL = 0x1f0
                0x000001e2                __DMA0SA = 0x1e2
                0x000001e4                __DMA0DA = 0x1e4
                0x000001e6                __DMA0SZ = 0x1e6
                0x000001ea                __DMA1SA = 0x1ea
                0x000001ec                __DMA1DA = 0x1ec
                0x000001ee                __DMA1SZ = 0x1ee
                0x000001f2                __DMA2SA = 0x1f2
                0x000001f4                __DMA2DA = 0x1f4
                0x000001f6                __DMA2SZ = 0x1f6

.hash
 *(.hash)

.dynsym
 *(.dynsym)

.dynstr
 *(.dynstr)

.gnu.version
 *(.gnu.version)

.gnu.version_d
 *(.gnu.version_d)

.gnu.version_r
 *(.gnu.version_r)

.rel.init
 *(.rel.init)

.rela.init
 *(.rela.init)

.rel.fini
 *(.rel.fini)

.rela.fini
 *(.rela.fini)

.rel.text
 *(.rel.text .rel.text.* .rel.gnu.linkonce.t.*)

.rela.text
 *(.rela.text .rela.text.* .rela.gnu.linkonce.t.*)

.rel.rodata
 *(.rel.rodata .rel.rodata.* .rel.gnu.linkonce.r.*)

.rela.rodata
 *(.rela.rodata .rela.rodata.* .rela.gnu.linkonce.r.*)

.rel.data
 *(.rel.data .rel.data.* .rel.gnu.linkonce.d.*)

.rela.data
 *(.rela.data .rela.data.* .rela.gnu.linkonce.d.*)

.rel.bss
 *(.rel.bss .rel.bss.* .rel.gnu.linkonce.b.*)

.rela.bss
 *(.rela.bss .rela.bss.* .rela.gnu.linkonce.b.*)

.rel.ctors
 *(.rel.ctors)

.rela.ctors
 *(.rela.ctors)

.rel.dtors
 *(.rel.dtors)

.rela.dtors
 *(.rela.dtors)

.rel.got
 *(.rel.got)

.rela.got
 *(.rela.got)

.rel.plt
 *(.rel.plt)

.rela.plt
 *(.rela.plt)

.text           0x00004000     0x3fdc
                0x00004000                . = ALIGN (0x2)
 *(.init .init.*)
 *(.init0)
 .init0         0x00004000        0x0 /usr/local/bin/../lib/gcc/msp430/4.7.2/mmpy-16/libcrt0.a(_reset_vector__.o)
                0x00004000                _reset_vector__
 *(.init1)
 .init1         0x00004000        0xc /usr/local/bin/../lib/gcc/msp430/4.7.2/mmpy-16/libcrt0.a(__watchdog_support.o)
                0x00004000                __watchdog_support
 *(.init2)
 .init2         0x0000400c        0x4 /usr/local/bin/../lib/gcc/msp430/4.7.2/mmpy-16/libcrt0.a(__init_stack.o)
                0x0000400c                __init_stack
 *(.init3)
 .init3         0x00004010        0x0 /usr/local/bin/../lib/gcc/msp430/4.7.2/mmpy-16/libcrt0.a(__low_level_init.o)
                0x00004010                __low_level_init
 *(.init4)
 .init4         0x00004010       0x18 /usr/local/bin/../lib/gcc/msp430/4.7.2/mmpy-16/libcrt0.a(_copy_data.o)
                0x00004010                __do_copy_data
 .init4         0x00004028       0x16 /usr/local/bin/../lib/gcc/msp430/4.7.2/mmpy-16/libcrt0.a(_clear_bss.o)
                0x00004028                __do_clear_bss
 *(.init5)
 *(.init6)
 *(.init7)
 *(.init8)
 *(.init9)
 .init9         0x0000403e      0x1c0 build/sky/obj/contiki-main.o
                0x0000403e                main
 *(.fini9)
 .fini9         0x000041fe        0x0 /usr/local/bin/../lib/gcc/msp430/4.7.2/mmpy-16/libcrt0.a(__stop_progExec__.o)
                0x000041fe                __stop_progExec__
 *(.fini8)
 *(.fini7)
 *(.fini6)
 *(.fini5)
 *(.fini4)
 *(.fini3)
 *(.fini2)
 *(.fini1)
 *(.fini0)
 .fini0         0x000041fe        0x6 /usr/local/bin/../lib/gcc/msp430/4.7.2/mmpy-16/libcrt0.a(_endless_loop__.o)
                0x000041fe                _endless_loop__
 *(.fini .fini.*)
                0x00004204                . = ALIGN (0x2)
                0x00004204                __ctors_start = .
 *(.ctors)
                0x00004204                __ctors_end = .
                0x00004204                __dtors_start = .
 *(.dtors)
                0x00004204                __dtors_end = .
                0x00004204                . = ALIGN (0x2)
 *(.text .text.* .gnu.linkonce.t.*)
 .text          0x00004204        0x4 /usr/local/bin/../lib/gcc/msp430/4.7.2/mmpy-16/crt0ivtbl16.o
                0x00004204                __isr_14
                0x00004204                __isr_11
                0x00004204                __isr_2
                0x00004204                __isr_7
                0x00004204                __isr_0
                0x00004204                __isr_8
                0x00004204                __isr_3
                0x00004204                __isr_12
                0x00004204                __isr_13
                0x00004204                __isr_9
 .text.process_thread_nullnet_example_process
                0x00004208       0x9c buffer.o
 .text.input_callback
                0x000042a4       0x90 buffer.o
                0x000042a4                input_callback
 .text.putchar  0x00004334       0x10 build/sky/contiki-ng-sky.a(uart1-putchar.o)
                0x00004334                putchar
 .text.platform_init_stage_one
                0x00004344       0x12 build/sky/contiki-ng-sky.a(platform.o)
                0x00004344                platform_init_stage_one
 .text.platform_init_stage_two
                0x00004356       0x68 build/sky/contiki-ng-sky.a(platform.o)
                0x00004356                platform_init_stage_two
 .text.platform_init_stage_three
                0x000043be       0x86 build/sky/contiki-ng-sky.a(platform.o)
                0x000043be                platform_init_stage_three
 .text.platform_idle
                0x00004444       0x54 build/sky/contiki-ng-sky.a(platform.o)
                0x00004444                platform_idle
 .text.msp430_init_dco
                0x00004498       0x82 build/sky/contiki-ng-sky.a(msp430.o)
                0x00004498                msp430_init_dco
 .text.msp430_add_lpm_req
                0x0000451a        0xc build/sky/contiki-ng-sky.a(msp430.o)
                0x0000451a                msp430_add_lpm_req
 .text.msp430_cpu_init
                0x00004526       0x2a build/sky/contiki-ng-sky.a(msp430.o)
                0x00004526                msp430_cpu_init
 .text.splhigh_
                0x00004550        0x8 build/sky/contiki-ng-sky.a(msp430.o)
                0x00004550                splhigh_
 .text.msp430_sync_dco
                0x00004558       0x6c build/sky/contiki-ng-sky.a(msp430.o)
                0x00004558                msp430_sync_dco
 .text.timera1  0x000045c4       0xdc build/sky/contiki-ng-sky.a(clock.o)
                0x000045c4                __isr_5
                0x000045c4                timera1
 .text.clock_time
                0x000046a0       0x1a build/sky/contiki-ng-sky.a(clock.o)
                0x000046a0                clock_time
 .text.clock_init
                0x000046ba       0x28 build/sky/contiki-ng-sky.a(clock.o)
                0x000046ba                clock_init
 .text.clock_delay
                0x000046e2        0xc build/sky/contiki-ng-sky.a(clock.o)
                0x000046e2                clock_delay
 .text.leds_init
                0x000046ee        0x6 build/sky/contiki-ng-sky.a(leds.o)
                0x000046ee                leds_init
 .text.leds_on  0x000046f4       0x12 build/sky/contiki-ng-sky.a(leds.o)
                0x000046f4                leds_on
 .text.leds_off
                0x00004706       0x12 build/sky/contiki-ng-sky.a(leds.o)
                0x00004706                leds_off
 .text.leds_arch_init
                0x00004718        0xe build/sky/contiki-ng-sky.a(leds-arch.o)
                0x00004718                leds_arch_init
 .text.leds_arch_get
                0x00004726       0x34 build/sky/contiki-ng-sky.a(leds-arch.o)
                0x00004726                leds_arch_get
 .text.leds_arch_set
                0x0000475a       0x3e build/sky/contiki-ng-sky.a(leds-arch.o)
                0x0000475a                leds_arch_set
 .text.watchdog_interrupt
                0x00004798        0x6 build/sky/contiki-ng-sky.a(watchdog.o)
                0x00004798                __isr_10
                0x00004798                watchdog_interrupt
 .text.watchdog_start
                0x0000479e       0x14 build/sky/contiki-ng-sky.a(watchdog.o)
                0x0000479e                watchdog_start
 .text.watchdog_periodic
                0x000047b2       0x12 build/sky/contiki-ng-sky.a(watchdog.o)
                0x000047b2                watchdog_periodic
 .text.watchdog_stop
                0x000047c4       0x16 build/sky/contiki-ng-sky.a(watchdog.o)
                0x000047c4                watchdog_stop
 .text.watchdog_init
                0x000047da       0x12 build/sky/contiki-ng-sky.a(watchdog.o)
                0x000047da                watchdog_init
 .text.autostart_start
                0x000047ec       0x16 build/sky/contiki-ng-sky.a(autostart.o)
                0x000047ec                autostart_start
 .text.energest_init
                0x00004802        0x2 build/sky/contiki-ng-sky.a(energest.o)
                0x00004802                energest_init
 .text.energest_flush
                0x00004804        0x2 build/sky/contiki-ng-sky.a(energest.o)
                0x00004804                energest_flush
 .text.update_time
                0x00004806       0x78 build/sky/contiki-ng-sky.a(etimer.o)
 .text.etimer_request_poll
                0x0000487e        0xa build/sky/contiki-ng-sky.a(etimer.o)
                0x0000487e                etimer_request_poll
 .text.process_thread_etimer_process
                0x00004888       0xcc build/sky/contiki-ng-sky.a(etimer.o)
 .text.add_timer
                0x00004954       0x40 build/sky/contiki-ng-sky.a(etimer.o)
 .text.etimer_set
                0x00004994       0x12 build/sky/contiki-ng-sky.a(etimer.o)
                0x00004994                etimer_set
 .text.etimer_reset
                0x000049a6       0x12 build/sky/contiki-ng-sky.a(etimer.o)
                0x000049a6                etimer_reset
 .text.etimer_expired
                0x000049b8        0xe build/sky/contiki-ng-sky.a(etimer.o)
                0x000049b8                etimer_expired
 .text.etimer_pending
                0x000049c6        0xc build/sky/contiki-ng-sky.a(etimer.o)
                0x000049c6                etimer_pending
 .text.etimer_next_expiration_time
                0x000049d2       0x16 build/sky/contiki-ng-sky.a(etimer.o)
                0x000049d2                etimer_next_expiration_time
 .text.etimer_stop
                0x000049e8       0x3e build/sky/contiki-ng-sky.a(etimer.o)
                0x000049e8                etimer_stop
 .text.log_lladdr
                0x00004a26       0x44 build/sky/contiki-ng-sky.a(log.o)
                0x00004a26                log_lladdr
 .text.process_thread_ctimer_process
                0x00004a6a       0xa8 build/sky/contiki-ng-sky.a(ctimer.o)
 .text.ctimer_init
                0x00004b12       0x18 build/sky/contiki-ng-sky.a(ctimer.o)
                0x00004b12                ctimer_init
 .text.ctimer_set_with_process
                0x00004b2a       0x4e build/sky/contiki-ng-sky.a(ctimer.o)
                0x00004b2a                ctimer_set_with_process
 .text.ctimer_set
                0x00004b78       0x10 build/sky/contiki-ng-sky.a(ctimer.o)
                0x00004b78                ctimer_set
 .text.ctimer_reset
                0x00004b88       0x30 build/sky/contiki-ng-sky.a(ctimer.o)
                0x00004b88                ctimer_reset
 .text.ctimer_stop
                0x00004bb8       0x28 build/sky/contiki-ng-sky.a(ctimer.o)
                0x00004bb8                ctimer_stop
 .text.rtimer_init
                0x00004be0        0x6 build/sky/contiki-ng-sky.a(rtimer.o)
                0x00004be0                rtimer_init
 .text.rtimer_run_next
                0x00004be6       0x26 build/sky/contiki-ng-sky.a(rtimer.o)
                0x00004be6                rtimer_run_next
 .text.node_id_init
                0x00004c0c       0x14 build/sky/contiki-ng-sky.a(node-id.o)
                0x00004c0c                node_id_init
 .text.call_process
                0x00004c20       0x46 build/sky/contiki-ng-sky.a(process.o)
 .text.exit_process
                0x00004c66       0x96 build/sky/contiki-ng-sky.a(process.o)
 .text.do_poll  0x00004cfc       0x30 build/sky/contiki-ng-sky.a(process.o)
 .text.process_alloc_event
                0x00004d2c        0xe build/sky/contiki-ng-sky.a(process.o)
                0x00004d2c                process_alloc_event
 .text.process_init
                0x00004d3a       0x18 build/sky/contiki-ng-sky.a(process.o)
                0x00004d3a                process_init
 .text.process_run
                0x00004d52       0x92 build/sky/contiki-ng-sky.a(process.o)
                0x00004d52                process_run
 .text.process_nevents
                0x00004de4        0xe build/sky/contiki-ng-sky.a(process.o)
                0x00004de4                process_nevents
 .text.process_post
                0x00004df2       0x42 build/sky/contiki-ng-sky.a(process.o)
                0x00004df2                process_post
 .text.process_post_synch
                0x00004e34       0x12 build/sky/contiki-ng-sky.a(process.o)
                0x00004e34                process_post_synch
 .text.process_start
                0x00004e46       0x36 build/sky/contiki-ng-sky.a(process.o)
                0x00004e46                process_start
 .text.process_poll
                0x00004e7c       0x18 build/sky/contiki-ng-sky.a(process.o)
                0x00004e7c                process_poll
 .text.timer_set
                0x00004e94       0x1c build/sky/contiki-ng-sky.a(timer.o)
                0x00004e94                timer_set
 .text.timer_expired
                0x00004eb0       0x2a build/sky/contiki-ng-sky.a(timer.o)
                0x00004eb0                timer_expired
 .text.timer_reset
                0x00004eda       0x1c build/sky/contiki-ng-sky.a(timer.o)
                0x00004eda                timer_reset
 .text.list_init
                0x00004ef6        0x6 build/sky/contiki-ng-sky.a(list.o)
                0x00004ef6                list_init
 .text.list_head
                0x00004efc        0x4 build/sky/contiki-ng-sky.a(list.o)
                0x00004efc                list_head
 .text.list_tail
                0x00004f00       0x12 build/sky/contiki-ng-sky.a(list.o)
                0x00004f00                list_tail
 .text.list_remove
                0x00004f12       0x34 build/sky/contiki-ng-sky.a(list.o)
                0x00004f12                list_remove
 .text.list_add
                0x00004f46       0x2a build/sky/contiki-ng-sky.a(list.o)
                0x00004f46                list_add
 .text.list_length
                0x00004f70       0x10 build/sky/contiki-ng-sky.a(list.o)
                0x00004f70                list_length
 .text.list_item_next
                0x00004f80        0xc build/sky/contiki-ng-sky.a(list.o)
                0x00004f80                list_item_next
 .text.random_init
                0x00004f8c        0x6 build/sky/contiki-ng-sky.a(random.o)
                0x00004f8c                random_init
 .text.random_rand
                0x00004f92        0x6 build/sky/contiki-ng-sky.a(random.o)
                0x00004f92                random_rand
 .text.process_thread_serial_line_process
                0x00004f98       0xa4 build/sky/contiki-ng-sky.a(serial-line.o)
 .text.serial_line_input_byte
                0x0000503c       0x42 build/sky/contiki-ng-sky.a(serial-line.o)
                0x0000503c                serial_line_input_byte
 .text.serial_line_init
                0x0000507e       0x1c build/sky/contiki-ng-sky.a(serial-line.o)
                0x0000507e                serial_line_init
 .text.queuebuf_init
                0x0000509a       0x12 build/sky/contiki-ng-sky.a(queuebuf.o)
                0x0000509a                queuebuf_init
 .text.queuebuf_new_from_packetbuf
                0x000050ac       0x52 build/sky/contiki-ng-sky.a(queuebuf.o)
                0x000050ac                queuebuf_new_from_packetbuf
 .text.queuebuf_update_attr_from_packetbuf
                0x000050fe       0x12 build/sky/contiki-ng-sky.a(queuebuf.o)
                0x000050fe                queuebuf_update_attr_from_packetbuf
 .text.queuebuf_free
                0x00005110       0x2a build/sky/contiki-ng-sky.a(queuebuf.o)
                0x00005110                queuebuf_free
 .text.queuebuf_to_packetbuf
                0x0000513a       0x32 build/sky/contiki-ng-sky.a(queuebuf.o)
                0x0000513a                queuebuf_to_packetbuf
 .text.packetbuf_hdrreduce
                0x0000516c       0x1a build/sky/contiki-ng-sky.a(packetbuf.o)
                0x0000516c                packetbuf_hdrreduce
 .text.packetbuf_set_datalen
                0x00005186        0x6 build/sky/contiki-ng-sky.a(packetbuf.o)
                0x00005186                packetbuf_set_datalen
 .text.packetbuf_hdrptr
                0x0000518c        0x6 build/sky/contiki-ng-sky.a(packetbuf.o)
                0x0000518c                packetbuf_hdrptr
 .text.packetbuf_datalen
                0x00005192        0x6 build/sky/contiki-ng-sky.a(packetbuf.o)
                0x00005192                packetbuf_datalen
 .text.packetbuf_hdrlen
                0x00005198        0xa build/sky/contiki-ng-sky.a(packetbuf.o)
                0x00005198                packetbuf_hdrlen
 .text.packetbuf_dataptr
                0x000051a2        0xc build/sky/contiki-ng-sky.a(packetbuf.o)
                0x000051a2                packetbuf_dataptr
 .text.packetbuf_copyto
                0x000051ae       0x46 build/sky/contiki-ng-sky.a(packetbuf.o)
                0x000051ae                packetbuf_copyto
 .text.packetbuf_totlen
                0x000051f4        0xc build/sky/contiki-ng-sky.a(packetbuf.o)
                0x000051f4                packetbuf_totlen
 .text.packetbuf_hdralloc
                0x00005200       0x3c build/sky/contiki-ng-sky.a(packetbuf.o)
                0x00005200                packetbuf_hdralloc
 .text.packetbuf_attr_clear
                0x0000523c       0x28 build/sky/contiki-ng-sky.a(packetbuf.o)
                0x0000523c                packetbuf_attr_clear
 .text.packetbuf_clear
                0x00005264       0x12 build/sky/contiki-ng-sky.a(packetbuf.o)
                0x00005264                packetbuf_clear
 .text.packetbuf_copyfrom
                0x00005276       0x2e build/sky/contiki-ng-sky.a(packetbuf.o)
                0x00005276                packetbuf_copyfrom
 .text.packetbuf_attr_copyto
                0x000052a4       0x22 build/sky/contiki-ng-sky.a(packetbuf.o)
                0x000052a4                packetbuf_attr_copyto
 .text.packetbuf_attr_copyfrom
                0x000052c6       0x24 build/sky/contiki-ng-sky.a(packetbuf.o)
                0x000052c6                packetbuf_attr_copyfrom
 .text.packetbuf_set_attr
                0x000052ea        0xc build/sky/contiki-ng-sky.a(packetbuf.o)
                0x000052ea                packetbuf_set_attr
 .text.packetbuf_attr
                0x000052f6        0xa build/sky/contiki-ng-sky.a(packetbuf.o)
                0x000052f6                packetbuf_attr
 .text.packetbuf_set_addr
                0x00005300       0x18 build/sky/contiki-ng-sky.a(packetbuf.o)
                0x00005300                packetbuf_set_addr
 .text.packetbuf_addr
                0x00005318       0x12 build/sky/contiki-ng-sky.a(packetbuf.o)
                0x00005318                packetbuf_addr
 .text.packetbuf_holds_broadcast
                0x0000532a        0xe build/sky/contiki-ng-sky.a(packetbuf.o)
                0x0000532a                packetbuf_holds_broadcast
 .text.netstack_init
                0x00005338        0xe build/sky/contiki-ng-sky.a(netstack.o)
                0x00005338                netstack_init
 .text.linkaddr_copy
                0x00005346        0x8 build/sky/contiki-ng-sky.a(linkaddr.o)
                0x00005346                linkaddr_copy
 .text.linkaddr_cmp
                0x0000534e       0x12 build/sky/contiki-ng-sky.a(linkaddr.o)
                0x0000534e                linkaddr_cmp
 .text.linkaddr_set_node_addr
                0x00005360        0xc build/sky/contiki-ng-sky.a(linkaddr.o)
                0x00005360                linkaddr_set_node_addr
 .text.on       0x0000536c        0x6 build/sky/contiki-ng-sky.a(csma.o)
 .text.off      0x00005372        0x6 build/sky/contiki-ng-sky.a(csma.o)
 .text.max_payload
                0x00005378       0x38 build/sky/contiki-ng-sky.a(csma.o)
 .text.send_packet
                0x000053b0        0x6 build/sky/contiki-ng-sky.a(csma.o)
 .text.init     0x000053b6       0x1c build/sky/contiki-ng-sky.a(csma.o)
 .text.input_packet
                0x000053d2       0x58 build/sky/contiki-ng-sky.a(csma.o)
 .text.schedule_transmission
                0x0000542a       0x70 build/sky/contiki-ng-sky.a(csma-output.o)
 .text.tx_done  0x0000549a       0x9a build/sky/contiki-ng-sky.a(csma-output.o)
 .text.transmit_from_queue
                0x00005534      0x1bc build/sky/contiki-ng-sky.a(csma-output.o)
 .text.csma_output_packet
                0x000056f0      0x184 build/sky/contiki-ng-sky.a(csma-output.o)
                0x000056f0                csma_output_packet
 .text.csma_output_init
                0x00005874       0x1a build/sky/contiki-ng-sky.a(csma-output.o)
                0x00005874                csma_output_init
 .text.init     0x0000588e        0x6 build/sky/contiki-ng-sky.a(nullnet.o)
 .text.output   0x00005894       0x42 build/sky/contiki-ng-sky.a(nullnet.o)
 .text.input    0x000058d6       0x40 build/sky/contiki-ng-sky.a(nullnet.o)
 .text.nullnet_set_input_callback
                0x00005916        0x6 build/sky/contiki-ng-sky.a(nullnet.o)
                0x00005916                nullnet_set_input_callback
 .text.init     0x0000591c        0x2 build/sky/contiki-ng-sky.a(nullrouting.o)
 .text.root_set_prefix
                0x0000591e        0x2 build/sky/contiki-ng-sky.a(nullrouting.o)
 .text.root_start
                0x00005920        0x4 build/sky/contiki-ng-sky.a(nullrouting.o)
 .text.node_is_root
                0x00005924        0x4 build/sky/contiki-ng-sky.a(nullrouting.o)
 .text.get_root_ipaddr
                0x00005928        0x4 build/sky/contiki-ng-sky.a(nullrouting.o)
 .text.get_sr_node_ipaddr
                0x0000592c        0x4 build/sky/contiki-ng-sky.a(nullrouting.o)
 .text.leave_network
                0x00005930        0x2 build/sky/contiki-ng-sky.a(nullrouting.o)
 .text.node_has_joined
                0x00005932        0x4 build/sky/contiki-ng-sky.a(nullrouting.o)
 .text.node_is_reachable
                0x00005936        0x4 build/sky/contiki-ng-sky.a(nullrouting.o)
 .text.global_repair
                0x0000593a        0x2 build/sky/contiki-ng-sky.a(nullrouting.o)
 .text.local_repair
                0x0000593c        0x2 build/sky/contiki-ng-sky.a(nullrouting.o)
 .text.ext_header_remove
                0x0000593e        0x4 build/sky/contiki-ng-sky.a(nullrouting.o)
 .text.ext_header_update
                0x00005942        0x4 build/sky/contiki-ng-sky.a(nullrouting.o)
 .text.ext_header_hbh_update
                0x00005946        0x4 build/sky/contiki-ng-sky.a(nullrouting.o)
 .text.ext_header_srh_update
                0x0000594a        0x4 build/sky/contiki-ng-sky.a(nullrouting.o)
 .text.ext_header_srh_get_next_hop
                0x0000594e        0x4 build/sky/contiki-ng-sky.a(nullrouting.o)
 .text.link_callback
                0x00005952        0x2 build/sky/contiki-ng-sky.a(nullrouting.o)
 .text.neighbor_state_changed
                0x00005954        0x2 build/sky/contiki-ng-sky.a(nullrouting.o)
 .text.drop_route
                0x00005956        0x2 build/sky/contiki-ng-sky.a(nullrouting.o)
 .text.is_in_leaf_mode
                0x00005958        0x4 build/sky/contiki-ng-sky.a(nullrouting.o)
 .text.init_platform
                0x0000595c        0xc build/sky/contiki-ng-sky.a(contiki-sky-pla)
                0x0000595c                init_platform
 .text.status   0x00005968       0x18 build/sky/contiki-ng-sky.a(button-sensor.o)
 .text.value    0x00005980       0x20 build/sky/contiki-ng-sky.a(button-sensor.o)
 .text.configure
                0x000059a0       0x4c build/sky/contiki-ng-sky.a(button-sensor.o)
 .text.irq_p2   0x000059ec       0x46 build/sky/contiki-ng-sky.a(button-sensor.o)
                0x000059ec                irq_p2
                0x000059ec                __isr_1
 .text.owreadb  0x00005a32       0x50 build/sky/contiki-ng-sky.a(ds2411.o)
 .text.ds2411_init
                0x00005a82      0x120 build/sky/contiki-ng-sky.a(ds2411.o)
                0x00005a82                ds2411_init
 .text.xmem_init
                0x00005ba2       0x3c build/sky/contiki-ng-sky.a(xmem.o)
                0x00005ba2                xmem_init
 .text.process_thread_sensors_process
                0x00005bde       0xc2 build/sky/contiki-ng-sky.a(sensors.o)
 .text.sensors_changed
                0x00005ca0       0x2a build/sky/contiki-ng-sky.a(sensors.o)
                0x00005ca0                sensors_changed
 .text.get_object
                0x00005cca        0x4 build/sky/contiki-ng-sky.a(cc2420.o)
 .text.set_object
                0x00005cce        0x4 build/sky/contiki-ng-sky.a(cc2420.o)
 .text.strobe   0x00005cd2       0x1c build/sky/contiki-ng-sky.a(cc2420.o)
 .text.getreg   0x00005cee       0x4c build/sky/contiki-ng-sky.a(cc2420.o)
 .text.setreg   0x00005d3a       0x4c build/sky/contiki-ng-sky.a(cc2420.o)
 .text.write_ram
                0x00005d86       0x7c build/sky/contiki-ng-sky.a(cc2420.o)
 .text.write_fifo_buf
                0x00005e02       0x3c build/sky/contiki-ng-sky.a(cc2420.o)
 .text.get_status
                0x00005e3e       0x20 build/sky/contiki-ng-sky.a(cc2420.o)
 .text.on       0x00005e5e       0x1a build/sky/contiki-ng-sky.a(cc2420.o)
 .text.cc2420_receiving_packet
                0x00005e78        0xc build/sky/contiki-ng-sky.a(cc2420.o)
 .text.pending_packet
                0x00005e84        0x8 build/sky/contiki-ng-sky.a(cc2420.o)
 .text.wait_for_transmission
                0x00005e8c       0x22 build/sky/contiki-ng-sky.a(cc2420.o)
 .text.wait_for_status
                0x00005eae       0x28 build/sky/contiki-ng-sky.a(cc2420.o)
 .text.getrxdata
                0x00005ed6       0x50 build/sky/contiki-ng-sky.a(cc2420.o)
 .text.flushrx  0x00005f26       0x1a build/sky/contiki-ng-sky.a(cc2420.o)
 .text.off      0x00005f40       0x28 build/sky/contiki-ng-sky.a(cc2420.o)
 .text.RELEASE_LOCK
                0x00005f68       0x28 build/sky/contiki-ng-sky.a(cc2420.o)
 .text.set_key  0x00005f90       0x18 build/sky/contiki-ng-sky.a(cc2420.o)
 .text.set_frame_filtering
                0x00005fa8       0x30 build/sky/contiki-ng-sky.a(cc2420.o)
 .text.set_auto_ack
                0x00005fd8       0x30 build/sky/contiki-ng-sky.a(cc2420.o)
 .text.set_poll_mode
                0x00006008       0x2c build/sky/contiki-ng-sky.a(cc2420.o)
 .text.cc2420_prepare
                0x00006034       0x46 build/sky/contiki-ng-sky.a(cc2420.o)
 .text.cc2420_on
                0x0000607a       0x22 build/sky/contiki-ng-sky.a(cc2420.o)
                0x0000607a                cc2420_on
 .text.cc2420_transmit
                0x0000609c       0x66 build/sky/contiki-ng-sky.a(cc2420.o)
 .text.cc2420_send
                0x00006102       0x12 build/sky/contiki-ng-sky.a(cc2420.o)
 .text.cc2420_off
                0x00006114       0x30 build/sky/contiki-ng-sky.a(cc2420.o)
                0x00006114                cc2420_off
 .text.cc2420_cca
                0x00006144       0x68 build/sky/contiki-ng-sky.a(cc2420.o)
 .text.cc2420_read
                0x000061ac       0xbe build/sky/contiki-ng-sky.a(cc2420.o)
 .text.process_thread_cc2420_process
                0x0000626a       0x62 build/sky/contiki-ng-sky.a(cc2420.o)
 .text.encrypt  0x000062cc       0x88 build/sky/contiki-ng-sky.a(cc2420.o)
 .text.cc2420_set_channel
                0x00006354       0x3c build/sky/contiki-ng-sky.a(cc2420.o)
                0x00006354                cc2420_set_channel
 .text.cc2420_set_pan_addr
                0x00006390       0x4c build/sky/contiki-ng-sky.a(cc2420.o)
                0x00006390                cc2420_set_pan_addr
 .text.cc2420_interrupt
                0x000063dc       0x16 build/sky/contiki-ng-sky.a(cc2420.o)
                0x000063dc                cc2420_interrupt
 .text.cc2420_set_txpower
                0x000063f2       0x2c build/sky/contiki-ng-sky.a(cc2420.o)
                0x000063f2                cc2420_set_txpower
 .text.cc2420_get_txpower
                0x0000641e       0x1e build/sky/contiki-ng-sky.a(cc2420.o)
                0x0000641e                cc2420_get_txpower
 .text.cc2420_rssi
                0x0000643c       0x4c build/sky/contiki-ng-sky.a(cc2420.o)
                0x0000643c                cc2420_rssi
 .text.get_value
                0x00006488      0x11e build/sky/contiki-ng-sky.a(cc2420.o)
 .text.cc2420_set_cca_threshold
                0x000065a6       0x16 build/sky/contiki-ng-sky.a(cc2420.o)
                0x000065a6                cc2420_set_cca_threshold
 .text.set_value
                0x000065bc      0x150 build/sky/contiki-ng-sky.a(cc2420.o)
 .text.cc2420_init
                0x0000670c       0xea build/sky/contiki-ng-sky.a(cc2420.o)
                0x0000670c                cc2420_init
 .text.cc2420_port1_interrupt
                0x000067f6       0x20 build/sky/contiki-ng-sky.a(cc2420-arch.o)
                0x000067f6                __isr_4
                0x000067f6                cc2420_port1_interrupt
 .text.cc2420_arch_init
                0x00006816       0x1a build/sky/contiki-ng-sky.a(cc2420-arch.o)
                0x00006816                cc2420_arch_init
 .text.handle_rxdma_timer
                0x00006830       0x3a build/sky/contiki-ng-sky.a(uart1.o)
 .text.uart1_active
                0x0000686a       0x18 build/sky/contiki-ng-sky.a(uart1.o)
                0x0000686a                uart1_active
 .text.uart1_set_input
                0x00006882       0x20 build/sky/contiki-ng-sky.a(uart1.o)
                0x00006882                uart1_set_input
 .text.uart1_writeb
                0x000068a2       0x18 build/sky/contiki-ng-sky.a(uart1.o)
                0x000068a2                uart1_writeb
 .text.uart1_init
                0x000068ba       0xf4 build/sky/contiki-ng-sky.a(uart1.o)
                0x000068ba                uart1_init
 .text.timera0  0x000069ae       0x2e build/sky/contiki-ng-sky.a(rtimer-arch.o)
                0x000069ae                __isr_6
                0x000069ae                timera0
 .text.rtimer_arch_init
                0x000069dc        0xe build/sky/contiki-ng-sky.a(rtimer-arch.o)
                0x000069dc                rtimer_arch_init
 .text.rtimer_arch_now
                0x000069ea        0xe build/sky/contiki-ng-sky.a(rtimer-arch.o)
                0x000069ea                rtimer_arch_now
 .text.rtimer_arch_schedule
                0x000069f8        0x6 build/sky/contiki-ng-sky.a(rtimer-arch.o)
                0x000069f8                rtimer_arch_schedule
 .text.memb_init
                0x000069fe       0x36 build/sky/contiki-ng-sky.a(memb.o)
                0x000069fe                memb_init
 .text.memb_alloc
                0x00006a34       0x3e build/sky/contiki-ng-sky.a(memb.o)
                0x00006a34                memb_alloc
 .text.memb_free
                0x00006a72       0x32 build/sky/contiki-ng-sky.a(memb.o)
                0x00006a72                memb_free
 .text.memb_inmemb
                0x00006aa4       0x2a build/sky/contiki-ng-sky.a(memb.o)
                0x00006aa4                memb_inmemb
 .text.ringbuf_init
                0x00006ace       0x14 build/sky/contiki-ng-sky.a(ringbuf.o)
                0x00006ace                ringbuf_init
 .text.ringbuf_put
                0x00006ae2       0x38 build/sky/contiki-ng-sky.a(ringbuf.o)
                0x00006ae2                ringbuf_put
 .text.ringbuf_get
                0x00006b1a       0x32 build/sky/contiki-ng-sky.a(ringbuf.o)
                0x00006b1a                ringbuf_get
 .text.mac_sequence_is_duplicate
                0x00006b4c       0x84 build/sky/contiki-ng-sky.a(mac-sequence.o)
                0x00006b4c                mac_sequence_is_duplicate
 .text.mac_sequence_register_seqno
                0x00006bd0       0x90 build/sky/contiki-ng-sky.a(mac-sequence.o)
                0x00006bd0                mac_sequence_register_seqno
 .text.mac_call_sent_callback
                0x00006c60       0x14 build/sky/contiki-ng-sky.a(mac.o)
                0x00006c60                mac_call_sent_callback
 .text.parse    0x00006c74       0xa0 build/sky/contiki-ng-sky.a(framer-802154.o)
 .text.framer_802154_setup_params
                0x00006d14       0xb8 build/sky/contiki-ng-sky.a(framer-802154.o)
                0x00006d14                framer_802154_setup_params
 .text.create_frame
                0x00006dcc       0xde build/sky/contiki-ng-sky.a(framer-802154.o)
 .text.create   0x00006eaa        0x8 build/sky/contiki-ng-sky.a(framer-802154.o)
 .text.hdr_length
                0x00006eb2        0x8 build/sky/contiki-ng-sky.a(framer-802154.o)
 .text.frame802154_get_pan_id
                0x00006eba        0x6 build/sky/contiki-ng-sky.a(frame802154.o)
                0x00006eba                frame802154_get_pan_id
 .text.frame802154_has_panid
                0x00006ec0       0xe0 build/sky/contiki-ng-sky.a(frame802154.o)
                0x00006ec0                frame802154_has_panid
 .text.field_len
                0x00006fa0       0xac build/sky/contiki-ng-sky.a(frame802154.o)
 .text.frame802154_is_broadcast_addr
                0x0000704c       0x28 build/sky/contiki-ng-sky.a(frame802154.o)
                0x0000704c                frame802154_is_broadcast_addr
 .text.frame802154_hdrlen
                0x00007074       0x32 build/sky/contiki-ng-sky.a(frame802154.o)
                0x00007074                frame802154_hdrlen
 .text.frame802154_create_fcf
                0x000070a6       0x96 build/sky/contiki-ng-sky.a(frame802154.o)
                0x000070a6                frame802154_create_fcf
 .text.frame802154_create
                0x0000713c       0xe4 build/sky/contiki-ng-sky.a(frame802154.o)
                0x0000713c                frame802154_create
 .text.frame802154_parse_fcf
                0x00007220       0xbc build/sky/contiki-ng-sky.a(frame802154.o)
                0x00007220                frame802154_parse_fcf
 .text.frame802154_parse
                0x000072dc      0x168 build/sky/contiki-ng-sky.a(frame802154.o)
                0x000072dc                frame802154_parse
 .text.csma_security_create_frame
                0x00007444       0x10 build/sky/contiki-ng-sky.a(csma-security.o)
                0x00007444                csma_security_create_frame
 .text.csma_security_parse_frame
                0x00007454        0x6 build/sky/contiki-ng-sky.a(csma-security.o)
                0x00007454                csma_security_parse_frame
 .text.spi_init
                0x0000745a       0x30 build/sky/contiki-ng-sky.a(spi-legacy.o)
                0x0000745a                spi_init
 .text.libgcc   0x0000748a       0x22 /usr/local/bin/../lib/gcc/msp430/4.7.2/mmpy-16/libgcc.a(_udivmod16.o)
                0x0000748a                __udivhi3
                0x0000748a                __ext_udivmod16
                0x000074a4                __umodhi3
 .text.libgcc   0x000074ac       0x40 /usr/local/bin/../lib/gcc/msp430/4.7.2/mmpy-16/libgcc.a(_udivmod32.o)
                0x000074ac                __udivsi3
                0x000074ac                __ext_udivmod32
                0x000074e2                __umodsi3
 .text.printf   0x000074ec       0x10 /usr/local/bin/../lib/gcc/msp430/4.7.2/../../../../msp430/lib/mmpy-16/libc.a(printf.o)
                0x000074ec                printf
 .text.print_field
                0x000074fc      0x194 /usr/local/bin/../lib/gcc/msp430/4.7.2/../../../../msp430/lib/mmpy-16/libc.a(vuprintf.o)
 .text.vuprintf
                0x00007690      0x63e /usr/local/bin/../lib/gcc/msp430/4.7.2/../../../../msp430/lib/mmpy-16/libc.a(vuprintf.o)
                0x00007690                vuprintf
 .text.puts     0x00007cce       0x2c /usr/local/bin/../lib/gcc/msp430/4.7.2/../../../../msp430/lib/mmpy-16/libc.a(puts.o)
                0x00007cce                puts
 .text.rand     0x00007cfa       0x26 /usr/local/bin/../lib/gcc/msp430/4.7.2/../../../../msp430/lib/mmpy-16/libc.a(rand.o)
                0x00007cfa                rand
 .text.srand    0x00007d20        0xa /usr/local/bin/../lib/gcc/msp430/4.7.2/../../../../msp430/lib/mmpy-16/libc.a(rand.o)
                0x00007d20                srand
 .text.memcmp   0x00007d2a       0x30 /usr/local/bin/../lib/gcc/msp430/4.7.2/../../../../msp430/lib/mmpy-16/libc.a(memcmp.o)
                0x00007d2a                memcmp
 .text.memcpy   0x00007d5a       0xfa /usr/local/bin/../lib/gcc/msp430/4.7.2/../../../../msp430/lib/mmpy-16/libc.a(memcpy.o)
                0x00007d5a                memcpy
 .text.memset   0x00007e54       0x6a /usr/local/bin/../lib/gcc/msp430/4.7.2/../../../../msp430/lib/mmpy-16/libc.a(memset.o)
                0x00007e54                memset
 .text.libgcc   0x00007ebe       0x2c /usr/local/bin/../lib/gcc/msp430/4.7.2/mmpy-16/libgcc.a(_mulsi3.o)
                0x00007ebe                __mulsi3
 .text.libgcc   0x00007eea       0xf0 /usr/local/bin/../lib/gcc/msp430/4.7.2/mmpy-16/libgcc.a(_udivmod64.o)
                0x00007eea                __xabi_udivmod64
                0x00007f48                __udivdi3
                0x00007f6e                __umoddi3
                0x00007f9c                __udivmoddi4
 .text.crt0     0x00007fda        0x2 /usr/local/bin/../lib/gcc/msp430/4.7.2/mmpy-16/libcrt0.a(_unexpected_.o)
                0x00007fda                _unexpected_
 *(.near.text .near.text.*)

.rodata         0x00007fdc      0x351
                0x00007fdc                . = ALIGN (0x2)
 *(.rodata .rodata.* .gnu.linkonce.r.*)
 .rodata        0x00007fdc       0x84 buffer.o
                0x00008044                autostart_processes
 .rodata        0x00008060       0xcd build/sky/obj/contiki-main.o
 .rodata        0x0000812d       0x31 build/sky/contiki-ng-sky.a(platform.o)
 .rodata        0x0000815e        0xc build/sky/contiki-ng-sky.a(etimer.o)
 .rodata        0x0000816a       0x9a build/sky/contiki-ng-sky.a(log.o)
 .rodata        0x00008204        0xf build/sky/contiki-ng-sky.a(ctimer.o)
 .rodata        0x00008213        0xe build/sky/contiki-ng-sky.a(serial-line.o)
 *fill*         0x00008221        0x1 00
 .rodata        0x00008222        0x8 build/sky/contiki-ng-sky.a(linkaddr.o)
                0x00008222                linkaddr_null
 .rodata        0x0000822a       0x14 build/sky/contiki-ng-sky.a(csma.o)
                0x00008230                csma_driver
 .rodata        0x0000823e       0x10 build/sky/contiki-ng-sky.a(nullnet.o)
                0x00008246                nullnet_driver
 .rodata        0x0000824e       0x36 build/sky/contiki-ng-sky.a(nullrouting.o)
                0x0000825a                nullrouting_driver
 .rodata        0x00008284       0x10 build/sky/contiki-ng-sky.a(button-sensor.o)
                0x0000828c                button_sensor
 .rodata        0x00008294        0x8 build/sky/contiki-ng-sky.a(sensors.o)
 .rodata.get_value
                0x0000829c       0x34 build/sky/contiki-ng-sky.a(cc2420.o)
 .rodata.set_value
                0x000082d0       0x10 build/sky/contiki-ng-sky.a(cc2420.o)
 .rodata        0x000082e0       0x3e build/sky/contiki-ng-sky.a(cc2420.o)
                0x000082e0                cc2420_aes_128_driver
                0x000082e4                cc2420_driver
 .rodata        0x0000831e        0x6 build/sky/contiki-ng-sky.a(framer-802154.o)
                0x0000831e                framer_802154
 .rodata        0x00008324        0x2 build/sky/contiki-ng-sky.a(frame802154.o)
 .rodata.vuprintf
                0x00008326        0x7 /usr/local/bin/../lib/gcc/msp430/4.7.2/../../../../msp430/lib/mmpy-16/libc.a(vuprintf.o)
 *(.near.rodata .near.rodata.*)
                0x0000832e                . = ALIGN (0x2)
                0x0000832e                _etext = .

.data           0x00001100       0xca load address 0x0000832e
                0x00001100                . = ALIGN (0x2)
                0x00001100                __data_start = .
 *(.data .data.* .gnu.linkonce.d.*)
 .data          0x00001100       0x12 buffer.o
                0x00001100                nullnet_example_process
 .data          0x00001112        0x2 build/sky/contiki-ng-sky.a(msp430.o)
 .data          0x00001114        0xa build/sky/contiki-ng-sky.a(etimer.o)
                0x00001114                etimer_process
 .data          0x0000111e       0x50 build/sky/contiki-ng-sky.a(log.o)
                0x0000111e                all_modules
                0x0000116c                curr_log_level_main
 .data          0x0000116e        0xa build/sky/contiki-ng-sky.a(ctimer.o)
                0x0000116e                ctimer_process
 .data          0x00001178        0xa build/sky/contiki-ng-sky.a(serial-line.o)
                0x00001178                serial_line_process
 .data          0x00001182       0x10 build/sky/contiki-ng-sky.a(queuebuf.o)
 .data          0x00001192       0x18 build/sky/contiki-ng-sky.a(csma-output.o)
 .data          0x000011aa        0x4 build/sky/contiki-ng-sky.a(contiki-sky-pla)
                0x000011aa                sensors
 .data          0x000011ae        0xa build/sky/contiki-ng-sky.a(sensors.o)
                0x000011ae                sensors_process
 .data          0x000011b8        0xc build/sky/contiki-ng-sky.a(cc2420.o)
                0x000011b8                cc2420_process
 .data          0x000011c4        0x2 build/sky/contiki-ng-sky.a(frame802154.o)
 .data.next     0x000011c6        0x4 /usr/local/bin/../lib/gcc/msp430/4.7.2/../../../../msp430/lib/mmpy-16/libc.a(rand.o)
 *(.near.data .near.data.*)
                0x000011ca                . = ALIGN (0x2)
                0x000011ca                _edata = .
                0x0000832e                __data_load_start = LOADADDR (.data)
                0x000000ca                __data_size = SIZEOF (.data)

.bss            0x000011ca      0xacc load address 0x000083f8
                0x000011ca                __bss_start = .
 *(.bss .bss.*)
 .bss           0x000011ca       0x10 buffer.o
                0x000011ca                tracker
 .bss           0x000011da        0x8 build/sky/contiki-ng-sky.a(platform.o)
 .bss           0x000011e2        0xa build/sky/contiki-ng-sky.a(clock.o)
 .bss           0x000011ec        0x2 build/sky/contiki-ng-sky.a(watchdog.o)
 .bss           0x000011ee        0x6 build/sky/contiki-ng-sky.a(etimer.o)
 .bss           0x000011f4       0x16 build/sky/contiki-ng-sky.a(log.o)
                0x000011f4                curr_log_level_lwm2m
                0x000011f6                curr_log_level_snmp
                0x000011f8                curr_log_level_coap
                0x000011fa                curr_log_level_6top
                0x000011fc                curr_log_level_framer
                0x000011fe                curr_log_level_mac
                0x00001200                curr_log_level_nullnet
                0x00001202                curr_log_level_6lowpan
                0x00001204                curr_log_level_ipv6
                0x00001206                curr_log_level_tcpip
                0x00001208                curr_log_level_rpl
 .bss           0x0000120a        0x4 build/sky/contiki-ng-sky.a(ctimer.o)
 .bss           0x0000120e        0x2 build/sky/contiki-ng-sky.a(rtimer.o)
 .bss           0x00001210        0x2 build/sky/contiki-ng-sky.a(node-id.o)
                0x00001210                node_id
 .bss           0x00001212       0xc8 build/sky/contiki-ng-sky.a(process.o)
                0x00001212                process_current
                0x00001214                process_list
 .bss           0x000012da      0x10a build/sky/contiki-ng-sky.a(serial-line.o)
 .bss           0x000013e4      0x580 build/sky/contiki-ng-sky.a(queuebuf.o)
 .bss           0x00001964       0x86 build/sky/contiki-ng-sky.a(packetbuf.o)
 .bss           0x000019ea       0xbe build/sky/contiki-ng-sky.a(csma-output.o)
 .bss           0x00001aa8        0x2 build/sky/contiki-ng-sky.a(nullnet.o)
 .bss           0x00001aaa        0x8 build/sky/contiki-ng-sky.a(button-sensor.o)
 .bss           0x00001ab2        0x6 build/sky/contiki-ng-sky.a(sensors.o)
 .bss           0x00001ab8       0x10 build/sky/contiki-ng-sky.a(cc2420.o)
 .bss           0x00001ac8       0x9a build/sky/contiki-ng-sky.a(uart1.o)
 .bss           0x00001b62       0xe0 build/sky/contiki-ng-sky.a(mac-sequence.o)
 .bss           0x00001c42        0x2 build/sky/contiki-ng-sky.a(framer-802154.o)
 *(.near.bss .near.bss.*)
 *(COMMON)
 COMMON         0x00001c44        0x2 build/sky/contiki-ng-sky.a(msp430.o)
                0x00001c44                msp430_dco_required
 COMMON         0x00001c46        0x1 build/sky/contiki-ng-sky.a(serial-line.o)
                0x00001c46                serial_line_event_message
 *fill*         0x00001c47        0x1 00
 COMMON         0x00001c48       0x2a build/sky/contiki-ng-sky.a(packetbuf.o)
                0x00001c48                packetbuf_addrs
                0x00001c58                packetbuf_attrs
 COMMON         0x00001c72        0x8 build/sky/contiki-ng-sky.a(linkaddr.o)
                0x00001c72                linkaddr_node_addr
 COMMON         0x00001c7a        0x4 build/sky/contiki-ng-sky.a(nullnet.o)
                0x00001c7a                nullnet_buf
                0x00001c7c                nullnet_len
 COMMON         0x00001c7e        0x2 build/sky/contiki-ng-sky.a(contiki-sky-pla)
                0x00001c7e                sensors_flags
 COMMON         0x00001c80        0x8 build/sky/contiki-ng-sky.a(ds2411.o)
                0x00001c80                ds2411_id
 COMMON         0x00001c88        0x1 build/sky/contiki-ng-sky.a(sensors.o)
                0x00001c88                sensors_event
 *fill*         0x00001c89        0x1 00
 COMMON         0x00001c8a        0xc build/sky/contiki-ng-sky.a(cc2420.o)
                0x00001c8a                cc2420_last_rssi
                0x00001c8c                cc2420_sfd_start_time
                0x00001c8e                cc2420_last_correlation
                0x00001c90                cc2420_authority_level_of_sender
                0x00001c92                cc2420_sfd_counter
                0x00001c94                cc2420_sfd_end_time
                0x00001c96                . = ALIGN (0x2)
                0x00001c96                __bss_end = .
                0x00000acc                __bss_size = SIZEOF (.bss)

.noinit         0x00001c96        0x2 load address 0x000083f8
                0x00001c96                . = ALIGN (0x2)
                0x00001c96                __noinit_start = .
 *(.noinit .noinit.*)
 .noinit.crt0   0x00001c96        0x2 /usr/local/bin/../lib/gcc/msp430/4.7.2/mmpy-16/libcrt0.a(__watchdog_support.o)
                0x00001c96                __wdt_clear_value
                0x00001c98                . = ALIGN (0x2)
                0x00001c98                __noinit_end = .
                0x00001c98                . = ALIGN (0x2)
                0x00001c98                _end = .

.infomem        0x00001000        0x0
                0x00001000                . = ALIGN (0x2)
 *(.infomem .infomem.*)

.infomemnobits  0x00001000        0x0
                0x00001000                . = ALIGN (0x2)
 *(.infomemnobits .infomemnobits.*)

.infoa          0x00001080        0x0
                0x00001080                . = ALIGN (0x2)
 *(.infoa .infoa.*)

.infob          0x00001000        0x0
                0x00001000                . = ALIGN (0x2)
 *(.infob .infob.*)

.infoc          0x00000000        0x0
                0x00000000                . = ALIGN (0x2)
 *(.infoc .infoc.*)

.infod          0x00000000        0x0
                0x00000000                . = ALIGN (0x2)
 *(.infod .infod.*)
                0x0000ffff                PROVIDE (__vte_0, 0xffff)
                0x0000ffff                PROVIDE (__vte_1, 0xffff)
                0x0000ffff                PROVIDE (__vte_2, 0xffff)
                0x0000ffff                PROVIDE (__vte_3, 0xffff)
                0x0000ffff                PROVIDE (__vte_4, 0xffff)
                0x0000ffff                PROVIDE (__vte_5, 0xffff)
                0x0000ffff                PROVIDE (__vte_6, 0xffff)
                0x0000ffff                PROVIDE (__vte_7, 0xffff)
                0x0000ffff                PROVIDE (__vte_8, 0xffff)
                0x0000ffff                PROVIDE (__vte_9, 0xffff)
                0x0000ffff                PROVIDE (__vte_10, 0xffff)
                0x0000ffff                PROVIDE (__vte_11, 0xffff)
                0x0000ffff                PROVIDE (__vte_12, 0xffff)
                0x0000ffff                PROVIDE (__vte_13, 0xffff)
                0x0000ffff                PROVIDE (__vte_14, 0xffff)
                0x0000ffff                PROVIDE (__vte_15, 0xffff)
                0x0000ffff                PROVIDE (__vte_16, 0xffff)
                0x0000ffff                PROVIDE (__vte_17, 0xffff)
                0x0000ffff                PROVIDE (__vte_18, 0xffff)
                0x0000ffff                PROVIDE (__vte_19, 0xffff)
                0x0000ffff                PROVIDE (__vte_20, 0xffff)
                0x0000ffff                PROVIDE (__vte_21, 0xffff)
                0x0000ffff                PROVIDE (__vte_22, 0xffff)
                0x0000ffff                PROVIDE (__vte_23, 0xffff)
                0x0000ffff                PROVIDE (__vte_24, 0xffff)
                0x0000ffff                PROVIDE (__vte_25, 0xffff)
                0x0000ffff                PROVIDE (__vte_26, 0xffff)
                0x0000ffff                PROVIDE (__vte_27, 0xffff)
                0x0000ffff                PROVIDE (__vte_28, 0xffff)
                0x0000ffff                PROVIDE (__vte_29, 0xffff)
                0x0000ffff                PROVIDE (__vte_30, 0xffff)
                0x0000ffff                PROVIDE (__vte_31, 0xffff)

.vectors        0x0000ffe0       0x20
                0x0000ffe0                __vectors_start = .
 *(.vectors*)
 .vectors       0x0000ffe0       0x20 /usr/local/bin/../lib/gcc/msp430/4.7.2/mmpy-16/crt0ivtbl16.o
                0x0000ffe0                __ivtbl_16
                0x00010000                _vectors_end = .

.fartext        0x00000000        0x0
                0x00000000                . = ALIGN (0x2)
 *(.fartext .fartext.*)

.far.text       0x00000000        0x0
                0x00000000                . = ALIGN (0x2)
 *(.far.text .far.text.*)

.far.rodata     0x00000000        0x0
                0x00000000                . = ALIGN (0x2)
 *(.far.rodata .far.rodata.*)
                0x00000000                . = ALIGN (0x2)
                0x00000000                _efartext = .

.far.data       0x00000000        0x0
                0x00000000                . = ALIGN (0x2)
                0x00000000                __far_data_start = .
 *(.far.data .far.data.*)
                0x00000000                . = ALIGN (0x2)
                0x00000000                _efardata = .
                0x00000000                __far_data_load_start = LOADADDR (.far.data)
                0x00000000                __far_data_size = SIZEOF (.far.data)

.far.bss        0x00000000        0x0
                0x00000000                . = ALIGN (0x2)
                0x00000000                __far_bss_start = .
 *(.far.bss .far.bss.*)
                0x00000000                . = ALIGN (0x2)
                0x00000000                __far_bss_end = .
                0x00000000                __far_bss_size = SIZEOF (.far.bss)
                0x00000000                . = ALIGN (0x2)
                0x00000000                _far_end = .

.profiler
 *(.profiler)

.stab           0x00000000    0x151f8
 *(.stab)
 .stab          0x00000000      0xb1c buffer.o
 .stab          0x00000b1c     0x150c build/sky/obj/contiki-main.o
                               0x18cc (size before relaxing)
 .stab          0x00002028      0x228 build/sky/contiki-ng-sky.a(uart1-putchar.o)
                                0x6fc (size before relaxing)
 .stab          0x00002250      0xdb0 build/sky/contiki-ng-sky.a(platform.o)
                               0x1380 (size before relaxing)
 .stab          0x00003000      0x714 build/sky/contiki-ng-sky.a(msp430.o)
                                0xa38 (size before relaxing)
 .stab          0x00003714      0x900 build/sky/contiki-ng-sky.a(clock.o)
                                0xc48 (size before relaxing)
 .stab          0x00004014      0x468 build/sky/contiki-ng-sky.a(leds.o)
                                0x828 (size before relaxing)
 .stab          0x0000447c      0x384 build/sky/contiki-ng-sky.a(leds-arch.o)
                                0x744 (size before relaxing)
 .stab          0x00004800      0x3b4 build/sky/contiki-ng-sky.a(watchdog.o)
                                0x6d8 (size before relaxing)
 .stab          0x00004bb4      0x2ac build/sky/contiki-ng-sky.a(autostart.o)
                                0x5d0 (size before relaxing)
 .stab          0x00004e60      0x270 build/sky/contiki-ng-sky.a(energest.o)
                                0x5b8 (size before relaxing)
 .stab          0x000050d0      0xa98 build/sky/contiki-ng-sky.a(etimer.o)
                                0xdbc (size before relaxing)
 .stab          0x00005b68      0x660 build/sky/contiki-ng-sky.a(log.o)
                                0xdf8 (size before relaxing)
 .stab          0x000061c8      0x804 build/sky/contiki-ng-sky.a(ctimer.o)
                                0xb40 (size before relaxing)
 .stab          0x000069cc      0x348 build/sky/contiki-ng-sky.a(rtimer.o)
                                0x66c (size before relaxing)
 .stab          0x00006d14      0x264 build/sky/contiki-ng-sky.a(node-id.o)
                                0x9c0 (size before relaxing)
 .stab          0x00006f78      0xb88 build/sky/contiki-ng-sky.a(process.o)
                               0x1098 (size before relaxing)
 .stab          0x00007b00      0x3b4 build/sky/contiki-ng-sky.a(timer.o)
                                0x6d8 (size before relaxing)
 .stab          0x00007eb4      0x954 build/sky/contiki-ng-sky.a(list.o)
                                0xe40 (size before relaxing)
 .stab          0x00008808      0x288 build/sky/contiki-ng-sky.a(random.o)
                                0x774 (size before relaxing)
 .stab          0x00008a90      0x510 build/sky/contiki-ng-sky.a(serial-line.o)
                                0x9e4 (size before relaxing)
 .stab          0x00008fa0      0x924 build/sky/contiki-ng-sky.a(queuebuf.o)
                               0x165c (size before relaxing)
 .stab          0x000098c4      0xc00 build/sky/contiki-ng-sky.a(packetbuf.o)
                               0x1944 (size before relaxing)
 .stab          0x0000a4c4      0x42c build/sky/contiki-ng-sky.a(netstack.o)
                                0x8ac (size before relaxing)
 .stab          0x0000a8f0      0x30c build/sky/contiki-ng-sky.a(linkaddr.o)
                                0x7f8 (size before relaxing)
 .stab          0x0000abfc      0x7b0 build/sky/contiki-ng-sky.a(csma.o)
                                0xedc (size before relaxing)
 .stab          0x0000b3ac      0xc30 build/sky/contiki-ng-sky.a(csma-output.o)
                               0x1584 (size before relaxing)
 .stab          0x0000bfdc      0x750 build/sky/contiki-ng-sky.a(nullnet.o)
                                0xd98 (size before relaxing)
 .stab          0x0000c72c      0x888 build/sky/contiki-ng-sky.a(nullrouting.o)
                               0x132c (size before relaxing)
 .stab          0x0000cfb4      0x240 build/sky/contiki-ng-sky.a(contiki-sky-pla)
                                0x564 (size before relaxing)
 .stab          0x0000d1f4      0x42c build/sky/contiki-ng-sky.a(button-sensor.o)
                                0x768 (size before relaxing)
 .stab          0x0000d620      0x600 build/sky/contiki-ng-sky.a(ds2411.o)
                                0xaec (size before relaxing)
 .stab          0x0000dc20      0x990 build/sky/contiki-ng-sky.a(xmem.o)
                                0xe88 (size before relaxing)
 .stab          0x0000e5b0      0x684 build/sky/contiki-ng-sky.a(sensors.o)
                                0xb70 (size before relaxing)
 .stab          0x0000ec34     0x279c build/sky/contiki-ng-sky.a(cc2420.o)
                               0x2f94 (size before relaxing)
 .stab          0x000113d0      0x3f0 build/sky/contiki-ng-sky.a(cc2420-arch.o)
                               0x10e0 (size before relaxing)
 .stab          0x000117c0      0x5d0 build/sky/contiki-ng-sky.a(uart1.o)
                                0x90c (size before relaxing)
 .stab          0x00011d90      0x378 build/sky/contiki-ng-sky.a(rtimer-arch.o)
                                0x69c (size before relaxing)
 .stab          0x00012108      0x5ac build/sky/contiki-ng-sky.a(memb.o)
                                0xab0 (size before relaxing)
 .stab          0x000126b4      0x450 build/sky/contiki-ng-sky.a(ringbuf.o)
                                0x78c (size before relaxing)
 .stab          0x00012b04      0x534 build/sky/contiki-ng-sky.a(mac-sequence.o)
                               0x1278 (size before relaxing)
 .stab          0x00013038      0x294 build/sky/contiki-ng-sky.a(mac.o)
                                0x858 (size before relaxing)
 .stab          0x000132cc      0x7a4 build/sky/contiki-ng-sky.a(framer-802154.o)
                                0xff0 (size before relaxing)
 .stab          0x00013a70     0x1194 build/sky/contiki-ng-sky.a(frame802154.o)
                               0x1938 (size before relaxing)
 .stab          0x00014c04      0x39c build/sky/contiki-ng-sky.a(csma-security.o)
                                0xcd8 (size before relaxing)
 .stab          0x00014fa0      0x258 build/sky/contiki-ng-sky.a(spi-legacy.o)
                                0x57c (size before relaxing)

.stabstr        0x00000000    0x12ac4
 *(.stabstr)
 .stabstr       0x00000000    0x12ac4 buffer.o

.stab.excl
 *(.stab.excl)

.stab.exclstr
 *(.stab.exclstr)

.stab.index
 *(.stab.index)

.stab.indexstr
 *(.stab.indexstr)

.comment        0x00000000       0x30
 *(.comment)
 .comment       0x00000000       0x30 buffer.o
                                 0x31 (size before relaxing)
 .comment       0x00000000       0x31 build/sky/obj/contiki-main.o
 .comment       0x00000000       0x31 build/sky/contiki-ng-sky.a(uart1-putchar.o)
 .comment       0x00000000       0x31 build/sky/contiki-ng-sky.a(platform.o)
 .comment       0x00000000       0x31 build/sky/contiki-ng-sky.a(msp430.o)
 .comment       0x00000000       0x31 build/sky/contiki-ng-sky.a(clock.o)
 .comment       0x00000000       0x31 build/sky/contiki-ng-sky.a(leds.o)
 .comment       0x00000000       0x31 build/sky/contiki-ng-sky.a(leds-arch.o)
 .comment       0x00000000       0x31 build/sky/contiki-ng-sky.a(watchdog.o)
 .comment       0x00000000       0x31 build/sky/contiki-ng-sky.a(autostart.o)
 .comment       0x00000000       0x31 build/sky/contiki-ng-sky.a(energest.o)
 .comment       0x00000000       0x31 build/sky/contiki-ng-sky.a(etimer.o)
 .comment       0x00000000       0x31 build/sky/contiki-ng-sky.a(log.o)
 .comment       0x00000000       0x31 build/sky/contiki-ng-sky.a(ctimer.o)
 .comment       0x00000000       0x31 build/sky/contiki-ng-sky.a(rtimer.o)
 .comment       0x00000000       0x31 build/sky/contiki-ng-sky.a(node-id.o)
 .comment       0x00000000       0x31 build/sky/contiki-ng-sky.a(process.o)
 .comment       0x00000000       0x31 build/sky/contiki-ng-sky.a(timer.o)
 .comment       0x00000000       0x31 build/sky/contiki-ng-sky.a(list.o)
 .comment       0x00000000       0x31 build/sky/contiki-ng-sky.a(random.o)
 .comment       0x00000000       0x31 build/sky/contiki-ng-sky.a(serial-line.o)
 .comment       0x00000000       0x31 build/sky/contiki-ng-sky.a(queuebuf.o)
 .comment       0x00000000       0x31 build/sky/contiki-ng-sky.a(packetbuf.o)
 .comment       0x00000000       0x31 build/sky/contiki-ng-sky.a(netstack.o)
 .comment       0x00000000       0x31 build/sky/contiki-ng-sky.a(linkaddr.o)
 .comment       0x00000000       0x31 build/sky/contiki-ng-sky.a(csma.o)
 .comment       0x00000000       0x31 build/sky/contiki-ng-sky.a(csma-output.o)
 .comment       0x00000000       0x31 build/sky/contiki-ng-sky.a(nullnet.o)
 .comment       0x00000000       0x31 build/sky/contiki-ng-sky.a(nullrouting.o)
 .comment       0x00000000       0x31 build/sky/contiki-ng-sky.a(contiki-sky-pla)
 .comment       0x00000000       0x31 build/sky/contiki-ng-sky.a(button-sensor.o)
 .comment       0x00000000       0x31 build/sky/contiki-ng-sky.a(ds2411.o)
 .comment       0x00000000       0x31 build/sky/contiki-ng-sky.a(xmem.o)
 .comment       0x00000000       0x31 build/sky/contiki-ng-sky.a(sensors.o)
 .comment       0x00000000       0x31 build/sky/contiki-ng-sky.a(cc2420.o)
 .comment       0x00000000       0x31 build/sky/contiki-ng-sky.a(cc2420-arch.o)
 .comment       0x00000000       0x31 build/sky/contiki-ng-sky.a(uart1.o)
 .comment       0x00000000       0x31 build/sky/contiki-ng-sky.a(rtimer-arch.o)
 .comment       0x00000000       0x31 build/sky/contiki-ng-sky.a(memb.o)
 .comment       0x00000000       0x31 build/sky/contiki-ng-sky.a(ringbuf.o)
 .comment       0x00000000       0x31 build/sky/contiki-ng-sky.a(mac-sequence.o)
 .comment       0x00000000       0x31 build/sky/contiki-ng-sky.a(mac.o)
 .comment       0x00000000       0x31 build/sky/contiki-ng-sky.a(framer-802154.o)
 .comment       0x00000000       0x31 build/sky/contiki-ng-sky.a(frame802154.o)
 .comment       0x00000000       0x31 build/sky/contiki-ng-sky.a(csma-security.o)
 .comment       0x00000000       0x31 build/sky/contiki-ng-sky.a(spi-legacy.o)
 .comment       0x00000000       0x31 /usr/local/bin/../lib/gcc/msp430/4.7.2/../../../../msp430/lib/mmpy-16/libc.a(printf.o)
 .comment       0x00000000       0x31 /usr/local/bin/../lib/gcc/msp430/4.7.2/../../../../msp430/lib/mmpy-16/libc.a(vuprintf.o)
 .comment       0x00000000       0x31 /usr/local/bin/../lib/gcc/msp430/4.7.2/../../../../msp430/lib/mmpy-16/libc.a(puts.o)
 .comment       0x00000000       0x31 /usr/local/bin/../lib/gcc/msp430/4.7.2/../../../../msp430/lib/mmpy-16/libc.a(rand.o)
 .comment       0x00000000       0x31 /usr/local/bin/../lib/gcc/msp430/4.7.2/../../../../msp430/lib/mmpy-16/libc.a(memcmp.o)
 .comment       0x00000000       0x31 /usr/local/bin/../lib/gcc/msp430/4.7.2/../../../../msp430/lib/mmpy-16/libc.a(memcpy.o)
 .comment       0x00000000       0x31 /usr/local/bin/../lib/gcc/msp430/4.7.2/../../../../msp430/lib/mmpy-16/libc.a(memset.o)

.debug
 *(.debug)

.line
 *(.line)

.debug_srcinfo
 *(.debug_srcinfo)

.debug_sfnames
 *(.debug_sfnames)

.debug_aranges  0x00000000      0x178
 *(.debug_aranges)
 .debug_aranges
                0x00000000       0x14 /usr/local/bin/../lib/gcc/msp430/4.7.2/mmpy-16/crt0ivtbl16.o
 .debug_aranges
                0x00000014       0x14 /usr/local/bin/../lib/gcc/msp430/4.7.2/mmpy-16/libgcc.a(_udivmod16.o)
 .debug_aranges
                0x00000028       0x14 /usr/local/bin/../lib/gcc/msp430/4.7.2/mmpy-16/libgcc.a(_udivmod32.o)
 .debug_aranges
                0x0000003c       0x18 /usr/local/bin/../lib/gcc/msp430/4.7.2/../../../../msp430/lib/mmpy-16/libc.a(printf.o)
 .debug_aranges
                0x00000054       0x18 /usr/local/bin/../lib/gcc/msp430/4.7.2/../../../../msp430/lib/mmpy-16/libc.a(vuprintf.o)
 .debug_aranges
                0x0000006c       0x14 /usr/local/bin/../lib/gcc/msp430/4.7.2/../../../../msp430/lib/mmpy-16/libc.a(puts.o)
 .debug_aranges
                0x00000080       0x1c /usr/local/bin/../lib/gcc/msp430/4.7.2/../../../../msp430/lib/mmpy-16/libc.a(rand.o)
 .debug_aranges
                0x0000009c       0x14 /usr/local/bin/../lib/gcc/msp430/4.7.2/../../../../msp430/lib/mmpy-16/libc.a(memcmp.o)
 .debug_aranges
                0x000000b0       0x14 /usr/local/bin/../lib/gcc/msp430/4.7.2/../../../../msp430/lib/mmpy-16/libc.a(memcpy.o)
 .debug_aranges
                0x000000c4       0x14 /usr/local/bin/../lib/gcc/msp430/4.7.2/../../../../msp430/lib/mmpy-16/libc.a(memset.o)
 .debug_aranges
                0x000000d8       0x14 /usr/local/bin/../lib/gcc/msp430/4.7.2/mmpy-16/libgcc.a(_mulsi3.o)
 .debug_aranges
                0x000000ec       0x14 /usr/local/bin/../lib/gcc/msp430/4.7.2/mmpy-16/libgcc.a(_udivmod64.o)
 .debug_aranges
                0x00000100       0x14 /usr/local/bin/../lib/gcc/msp430/4.7.2/mmpy-16/libcrt0.a(__watchdog_support.o)
 .debug_aranges
                0x00000114       0x14 /usr/local/bin/../lib/gcc/msp430/4.7.2/mmpy-16/libcrt0.a(__init_stack.o)
 .debug_aranges
                0x00000128       0x14 /usr/local/bin/../lib/gcc/msp430/4.7.2/mmpy-16/libcrt0.a(_copy_data.o)
 .debug_aranges
                0x0000013c       0x14 /usr/local/bin/../lib/gcc/msp430/4.7.2/mmpy-16/libcrt0.a(_clear_bss.o)
 .debug_aranges
                0x00000150       0x14 /usr/local/bin/../lib/gcc/msp430/4.7.2/mmpy-16/libcrt0.a(_endless_loop__.o)
 .debug_aranges
                0x00000164       0x14 /usr/local/bin/../lib/gcc/msp430/4.7.2/mmpy-16/libcrt0.a(_unexpected_.o)

.debug_pubnames
 *(.debug_pubnames)

.debug_info     0x00000000     0x1272
 *(.debug_info)
 .debug_info    0x00000000       0x8f /usr/local/bin/../lib/gcc/msp430/4.7.2/mmpy-16/crt0ivtbl16.o
 .debug_info    0x0000008f       0x8c /usr/local/bin/../lib/gcc/msp430/4.7.2/mmpy-16/libgcc.a(_udivmod16.o)
 .debug_info    0x0000011b       0x8c /usr/local/bin/../lib/gcc/msp430/4.7.2/mmpy-16/libgcc.a(_udivmod32.o)
 .debug_info    0x000001a7      0x16e /usr/local/bin/../lib/gcc/msp430/4.7.2/../../../../msp430/lib/mmpy-16/libc.a(printf.o)
 .debug_info    0x00000315      0x5d4 /usr/local/bin/../lib/gcc/msp430/4.7.2/../../../../msp430/lib/mmpy-16/libc.a(vuprintf.o)
 .debug_info    0x000008e9       0xc7 /usr/local/bin/../lib/gcc/msp430/4.7.2/../../../../msp430/lib/mmpy-16/libc.a(puts.o)
 .debug_info    0x000009b0      0x146 /usr/local/bin/../lib/gcc/msp430/4.7.2/../../../../msp430/lib/mmpy-16/libc.a(rand.o)
 .debug_info    0x00000af6       0xe5 /usr/local/bin/../lib/gcc/msp430/4.7.2/../../../../msp430/lib/mmpy-16/libc.a(memcmp.o)
 .debug_info    0x00000bdb      0x12c /usr/local/bin/../lib/gcc/msp430/4.7.2/../../../../msp430/lib/mmpy-16/libc.a(memcpy.o)
 .debug_info    0x00000d07      0x117 /usr/local/bin/../lib/gcc/msp430/4.7.2/../../../../msp430/lib/mmpy-16/libc.a(memset.o)
 .debug_info    0x00000e1e       0x8c /usr/local/bin/../lib/gcc/msp430/4.7.2/mmpy-16/libgcc.a(_mulsi3.o)
 .debug_info    0x00000eaa       0x8c /usr/local/bin/../lib/gcc/msp430/4.7.2/mmpy-16/libgcc.a(_udivmod64.o)
 .debug_info    0x00000f36       0x8a /usr/local/bin/../lib/gcc/msp430/4.7.2/mmpy-16/libcrt0.a(__watchdog_support.o)
 .debug_info    0x00000fc0       0x8a /usr/local/bin/../lib/gcc/msp430/4.7.2/mmpy-16/libcrt0.a(__init_stack.o)
 .debug_info    0x0000104a       0x8a /usr/local/bin/../lib/gcc/msp430/4.7.2/mmpy-16/libcrt0.a(_copy_data.o)
 .debug_info    0x000010d4       0x8a /usr/local/bin/../lib/gcc/msp430/4.7.2/mmpy-16/libcrt0.a(_clear_bss.o)
 .debug_info    0x0000115e       0x8a /usr/local/bin/../lib/gcc/msp430/4.7.2/mmpy-16/libcrt0.a(_endless_loop__.o)
 .debug_info    0x000011e8       0x8a /usr/local/bin/../lib/gcc/msp430/4.7.2/mmpy-16/libcrt0.a(_unexpected_.o)
 *(.gnu.linkonce.wi.*)

.debug_abbrev   0x00000000      0x79c
 *(.debug_abbrev)
 .debug_abbrev  0x00000000       0x14 /usr/local/bin/../lib/gcc/msp430/4.7.2/mmpy-16/crt0ivtbl16.o
 .debug_abbrev  0x00000014       0x14 /usr/local/bin/../lib/gcc/msp430/4.7.2/mmpy-16/libgcc.a(_udivmod16.o)
 .debug_abbrev  0x00000028       0x14 /usr/local/bin/../lib/gcc/msp430/4.7.2/mmpy-16/libgcc.a(_udivmod32.o)
 .debug_abbrev  0x0000003c       0xfa /usr/local/bin/../lib/gcc/msp430/4.7.2/../../../../msp430/lib/mmpy-16/libc.a(printf.o)
 .debug_abbrev  0x00000136      0x23e /usr/local/bin/../lib/gcc/msp430/4.7.2/../../../../msp430/lib/mmpy-16/libc.a(vuprintf.o)
 .debug_abbrev  0x00000374       0xa3 /usr/local/bin/../lib/gcc/msp430/4.7.2/../../../../msp430/lib/mmpy-16/libc.a(puts.o)
 .debug_abbrev  0x00000417       0xfb /usr/local/bin/../lib/gcc/msp430/4.7.2/../../../../msp430/lib/mmpy-16/libc.a(rand.o)
 .debug_abbrev  0x00000512       0x9e /usr/local/bin/../lib/gcc/msp430/4.7.2/../../../../msp430/lib/mmpy-16/libc.a(memcmp.o)
 .debug_abbrev  0x000005b0       0xab /usr/local/bin/../lib/gcc/msp430/4.7.2/../../../../msp430/lib/mmpy-16/libc.a(memcpy.o)
 .debug_abbrev  0x0000065b       0xa1 /usr/local/bin/../lib/gcc/msp430/4.7.2/../../../../msp430/lib/mmpy-16/libc.a(memset.o)
 .debug_abbrev  0x000006fc       0x14 /usr/local/bin/../lib/gcc/msp430/4.7.2/mmpy-16/libgcc.a(_mulsi3.o)
 .debug_abbrev  0x00000710       0x14 /usr/local/bin/../lib/gcc/msp430/4.7.2/mmpy-16/libgcc.a(_udivmod64.o)
 .debug_abbrev  0x00000724       0x14 /usr/local/bin/../lib/gcc/msp430/4.7.2/mmpy-16/libcrt0.a(__watchdog_support.o)
 .debug_abbrev  0x00000738       0x14 /usr/local/bin/../lib/gcc/msp430/4.7.2/mmpy-16/libcrt0.a(__init_stack.o)
 .debug_abbrev  0x0000074c       0x14 /usr/local/bin/../lib/gcc/msp430/4.7.2/mmpy-16/libcrt0.a(_copy_data.o)
 .debug_abbrev  0x00000760       0x14 /usr/local/bin/../lib/gcc/msp430/4.7.2/mmpy-16/libcrt0.a(_clear_bss.o)
 .debug_abbrev  0x00000774       0x14 /usr/local/bin/../lib/gcc/msp430/4.7.2/mmpy-16/libcrt0.a(_endless_loop__.o)
 .debug_abbrev  0x00000788       0x14 /usr/local/bin/../lib/gcc/msp430/4.7.2/mmpy-16/libcrt0.a(_unexpected_.o)

.debug_line     0x00000000      0xbfb
 *(.debug_line)
 .debug_line    0x00000000       0x64 /usr/local/bin/../lib/gcc/msp430/4.7.2/mmpy-16/crt0ivtbl16.o
 .debug_line    0x00000064       0x70 /usr/local/bin/../lib/gcc/msp430/4.7.2/mmpy-16/libgcc.a(_udivmod16.o)
 .debug_line    0x000000d4       0x7f /usr/local/bin/../lib/gcc/msp430/4.7.2/mmpy-16/libgcc.a(_udivmod32.o)
 .debug_line    0x00000153       0xa9 /usr/local/bin/../lib/gcc/msp430/4.7.2/../../../../msp430/lib/mmpy-16/libc.a(printf.o)
 .debug_line    0x000001fc      0x30a /usr/local/bin/../lib/gcc/msp430/4.7.2/../../../../msp430/lib/mmpy-16/libc.a(vuprintf.o)
 .debug_line    0x00000506       0x65 /usr/local/bin/../lib/gcc/msp430/4.7.2/../../../../msp430/lib/mmpy-16/libc.a(puts.o)
 .debug_line    0x0000056b       0x68 /usr/local/bin/../lib/gcc/msp430/4.7.2/../../../../msp430/lib/mmpy-16/libc.a(rand.o)
 .debug_line    0x000005d3       0x8f /usr/local/bin/../lib/gcc/msp430/4.7.2/../../../../msp430/lib/mmpy-16/libc.a(memcmp.o)
 .debug_line    0x00000662      0x118 /usr/local/bin/../lib/gcc/msp430/4.7.2/../../../../msp430/lib/mmpy-16/libc.a(memcpy.o)
 .debug_line    0x0000077a       0xf2 /usr/local/bin/../lib/gcc/msp430/4.7.2/../../../../msp430/lib/mmpy-16/libc.a(memset.o)
 .debug_line    0x0000086c       0x77 /usr/local/bin/../lib/gcc/msp430/4.7.2/mmpy-16/libgcc.a(_mulsi3.o)
 .debug_line    0x000008e3       0xc9 /usr/local/bin/../lib/gcc/msp430/4.7.2/mmpy-16/libgcc.a(_udivmod64.o)
 .debug_line    0x000009ac       0x62 /usr/local/bin/../lib/gcc/msp430/4.7.2/mmpy-16/libcrt0.a(__watchdog_support.o)
 .debug_line    0x00000a0e       0x60 /usr/local/bin/../lib/gcc/msp430/4.7.2/mmpy-16/libcrt0.a(__init_stack.o)
 .debug_line    0x00000a6e       0x66 /usr/local/bin/../lib/gcc/msp430/4.7.2/mmpy-16/libcrt0.a(_copy_data.o)
 .debug_line    0x00000ad4       0x66 /usr/local/bin/../lib/gcc/msp430/4.7.2/mmpy-16/libcrt0.a(_clear_bss.o)
 .debug_line    0x00000b3a       0x61 /usr/local/bin/../lib/gcc/msp430/4.7.2/mmpy-16/libcrt0.a(_endless_loop__.o)
 .debug_line    0x00000b9b       0x60 /usr/local/bin/../lib/gcc/msp430/4.7.2/mmpy-16/libcrt0.a(_unexpected_.o)

.debug_frame    0x00000000      0x1b6
 *(.debug_frame)
 .debug_frame   0x00000000       0x2a /usr/local/bin/../lib/gcc/msp430/4.7.2/../../../../msp430/lib/mmpy-16/libc.a(printf.o)
 .debug_frame   0x0000002a       0xa0 /usr/local/bin/../lib/gcc/msp430/4.7.2/../../../../msp430/lib/mmpy-16/libc.a(vuprintf.o)
 .debug_frame   0x000000ca       0x24 /usr/local/bin/../lib/gcc/msp430/4.7.2/../../../../msp430/lib/mmpy-16/libc.a(puts.o)
 .debug_frame   0x000000ee       0x3c /usr/local/bin/../lib/gcc/msp430/4.7.2/../../../../msp430/lib/mmpy-16/libc.a(rand.o)
 .debug_frame   0x0000012a       0x28 /usr/local/bin/../lib/gcc/msp430/4.7.2/../../../../msp430/lib/mmpy-16/libc.a(memcmp.o)
 .debug_frame   0x00000152       0x32 /usr/local/bin/../lib/gcc/msp430/4.7.2/../../../../msp430/lib/mmpy-16/libc.a(memcpy.o)
 .debug_frame   0x00000184       0x32 /usr/local/bin/../lib/gcc/msp430/4.7.2/../../../../msp430/lib/mmpy-16/libc.a(memset.o)

.debug_str      0x00000000      0x3ca
 *(.debug_str)
 .debug_str     0x00000000       0xe2 /usr/local/bin/../lib/gcc/msp430/4.7.2/../../../../msp430/lib/mmpy-16/libc.a(printf.o)
                                0x12a (size before relaxing)
 .debug_str     0x000000e2      0x218 /usr/local/bin/../lib/gcc/msp430/4.7.2/../../../../msp430/lib/mmpy-16/libc.a(vuprintf.o)
                                0x375 (size before relaxing)
 .debug_str     0x000002fa       0x1d /usr/local/bin/../lib/gcc/msp430/4.7.2/../../../../msp430/lib/mmpy-16/libc.a(puts.o)
                                 0xef (size before relaxing)
 .debug_str     0x00000317       0x2f /usr/local/bin/../lib/gcc/msp430/4.7.2/../../../../msp430/lib/mmpy-16/libc.a(rand.o)
                                0x106 (size before relaxing)
 .debug_str     0x00000346       0x20 /usr/local/bin/../lib/gcc/msp430/4.7.2/../../../../msp430/lib/mmpy-16/libc.a(memcmp.o)
                                 0xf2 (size before relaxing)
 .debug_str     0x00000366       0x3e /usr/local/bin/../lib/gcc/msp430/4.7.2/../../../../msp430/lib/mmpy-16/libc.a(memcpy.o)
                                0x120 (size before relaxing)
 .debug_str     0x000003a4       0x26 /usr/local/bin/../lib/gcc/msp430/4.7.2/../../../../msp430/lib/mmpy-16/libc.a(memset.o)
                                0x11e (size before relaxing)

.debug_loc      0x00000000      0xbe1
 *(.debug_loc)
 .debug_loc     0x00000000       0x4c /usr/local/bin/../lib/gcc/msp430/4.7.2/../../../../msp430/lib/mmpy-16/libc.a(printf.o)
 .debug_loc     0x0000004c      0x80f /usr/local/bin/../lib/gcc/msp430/4.7.2/../../../../msp430/lib/mmpy-16/libc.a(vuprintf.o)
 .debug_loc     0x0000085b       0x26 /usr/local/bin/../lib/gcc/msp430/4.7.2/../../../../msp430/lib/mmpy-16/libc.a(puts.o)
 .debug_loc     0x00000881       0x4f /usr/local/bin/../lib/gcc/msp430/4.7.2/../../../../msp430/lib/mmpy-16/libc.a(rand.o)
 .debug_loc     0x000008d0       0x4d /usr/local/bin/../lib/gcc/msp430/4.7.2/../../../../msp430/lib/mmpy-16/libc.a(memcmp.o)
 .debug_loc     0x0000091d      0x1e3 /usr/local/bin/../lib/gcc/msp430/4.7.2/../../../../msp430/lib/mmpy-16/libc.a(memcpy.o)
 .debug_loc     0x00000b00       0xe1 /usr/local/bin/../lib/gcc/msp430/4.7.2/../../../../msp430/lib/mmpy-16/libc.a(memset.o)

.debug_macinfo
 *(.debug_macinfo)

.debug_pubtypes
 *(.debug_pubtypes)

.debug_ranges   0x00000000       0x60
 *(.debug_ranges)
 .debug_ranges  0x00000000        0xc /usr/local/bin/../lib/gcc/msp430/4.7.2/../../../../msp430/lib/mmpy-16/libc.a(printf.o)
 .debug_ranges  0x0000000c       0x24 /usr/local/bin/../lib/gcc/msp430/4.7.2/../../../../msp430/lib/mmpy-16/libc.a(vuprintf.o)
 .debug_ranges  0x00000030        0x8 /usr/local/bin/../lib/gcc/msp430/4.7.2/../../../../msp430/lib/mmpy-16/libc.a(puts.o)
 .debug_ranges  0x00000038       0x10 /usr/local/bin/../lib/gcc/msp430/4.7.2/../../../../msp430/lib/mmpy-16/libc.a(rand.o)
 .debug_ranges  0x00000048        0x8 /usr/local/bin/../lib/gcc/msp430/4.7.2/../../../../msp430/lib/mmpy-16/libc.a(memcmp.o)
 .debug_ranges  0x00000050        0x8 /usr/local/bin/../lib/gcc/msp430/4.7.2/../../../../msp430/lib/mmpy-16/libc.a(memcpy.o)
 .debug_ranges  0x00000058        0x8 /usr/local/bin/../lib/gcc/msp430/4.7.2/../../../../msp430/lib/mmpy-16/libc.a(memset.o)
                0x00003900                PROVIDE (__stack, (ORIGIN (ram) + 0x2800))
                0x0000832e                __data_start_rom = _etext
                0x000083f8                __data_end_rom = (_etext + SIZEOF (.data))
OUTPUT(build/sky/buffer.sky elf32-msp430)
